<?xml version="1.0" encoding="UTF-8"?>
<TestRun id="78d7d9d0-46d1-4e27-b2f5-eabe9a4a85ea" name="Matt@MATT-VAIO 2012-02-15 14:29:35" runUser="Matt-VAIO\Matt" xmlns="http://microsoft.com/schemas/VisualStudio/TeamTest/2010">
  <TestSettings name="Default Test Settings" id="c8088738-bbd0-4a28-8a05-c31fbc32c9f7">
    <Deployment runDeploymentRoot="Matt_MATT-VAIO 2012-02-15 14_29_35">
      <DeploymentItem filename="C:\Users\Matt\Desktop\CrmProvider\src\CustomMembershipProvider\CustomMembershipProvider\bin\CustomMembershipProvider.dll" />
    </Deployment>
    <Execution>
      <TestTypeSpecific />
      <AgentRule name="Execution Agents">
      </AgentRule>
    </Execution>
  </TestSettings>
  <Times creation="2012-02-15T14:29:35.1176387-05:00" queuing="2012-02-15T14:29:37.5917802-05:00" start="2012-02-15T14:29:37.8677960-05:00" finish="2012-02-15T14:29:41.6920147-05:00" />
  <ResultSummary outcome="Completed">
    <Counters total="17" executed="17" passed="17" error="0" failed="0" timeout="0" aborted="0" inconclusive="0" passedButRunAborted="0" notRunnable="0" notExecuted="0" disconnected="0" warning="0" completed="0" inProgress="0" pending="0" />
  </ResultSummary>
  <TestDefinitions>
    <UnitTest name="ChangePassword_Post_ReturnsViewIfModelStateIsInvalid" storage="c:\users\matt\desktop\crmprovider\src\custommembershipprovider\custommembershipprovider.tests\bin\debug\custommembershipprovider.tests.dll" id="ead62016-4658-fa23-310b-7d888d6ad318">
      <Execution id="224e8505-a037-4238-ba7d-927f196b3835" />
      <TestMethod codeBase="C:/Users/Matt/Desktop/CrmProvider/src/CustomMembershipProvider/CustomMembershipProvider.Tests/bin/Debug/CustomMembershipProvider.Tests.DLL" adapterTypeName="Microsoft.VisualStudio.TestTools.TestTypes.Unit.UnitTestAdapter, Microsoft.VisualStudio.QualityTools.Tips.UnitTest.Adapter, Version=10.0.0.0, Culture=neutral, PublicKeyToken=b03f5f7f11d50a3a" className="CustomMembershipProvider.Tests.Controllers.AccountControllerTest, CustomMembershipProvider.Tests, Version=1.0.0.0, Culture=neutral, PublicKeyToken=null" name="ChangePassword_Post_ReturnsViewIfModelStateIsInvalid" />
    </UnitTest>
    <UnitTest name="Register_Post_ReturnsViewIfModelStateIsInvalid" storage="c:\users\matt\desktop\crmprovider\src\custommembershipprovider\custommembershipprovider.tests\bin\debug\custommembershipprovider.tests.dll" id="cb9b00e4-4dea-8fcc-479e-b0c40855c2c6">
      <Execution id="e9c36eae-5970-43b6-a521-6a97f0475b7b" />
      <TestMethod codeBase="C:/Users/Matt/Desktop/CrmProvider/src/CustomMembershipProvider/CustomMembershipProvider.Tests/bin/Debug/CustomMembershipProvider.Tests.DLL" adapterTypeName="Microsoft.VisualStudio.TestTools.TestTypes.Unit.UnitTestAdapter, Microsoft.VisualStudio.QualityTools.Tips.UnitTest.Adapter, Version=10.0.0.0, Culture=neutral, PublicKeyToken=b03f5f7f11d50a3a" className="CustomMembershipProvider.Tests.Controllers.AccountControllerTest, CustomMembershipProvider.Tests, Version=1.0.0.0, Culture=neutral, PublicKeyToken=null" name="Register_Post_ReturnsViewIfModelStateIsInvalid" />
    </UnitTest>
    <UnitTest name="About" storage="c:\users\matt\desktop\crmprovider\src\custommembershipprovider\custommembershipprovider.tests\bin\debug\custommembershipprovider.tests.dll" id="d8485814-0ff6-eb3a-a7b8-0d5b7a3052b8">
      <Execution id="37ae5765-13f3-4fda-8f8d-fe5ca508e7c3" />
      <TestMethod codeBase="C:/Users/Matt/Desktop/CrmProvider/src/CustomMembershipProvider/CustomMembershipProvider.Tests/bin/Debug/CustomMembershipProvider.Tests.DLL" adapterTypeName="Microsoft.VisualStudio.TestTools.TestTypes.Unit.UnitTestAdapter, Microsoft.VisualStudio.QualityTools.Tips.UnitTest.Adapter, Version=10.0.0.0, Culture=neutral, PublicKeyToken=b03f5f7f11d50a3a" className="CustomMembershipProvider.Tests.Controllers.HomeControllerTest, CustomMembershipProvider.Tests, Version=1.0.0.0, Culture=neutral, PublicKeyToken=null" name="About" />
    </UnitTest>
    <UnitTest name="LogOn_Get_ReturnsView" storage="c:\users\matt\desktop\crmprovider\src\custommembershipprovider\custommembershipprovider.tests\bin\debug\custommembershipprovider.tests.dll" id="293df830-f478-7ce6-3e1e-9a13424d2e8e">
      <Execution id="82c02d53-06d7-471d-a7fd-58aeb7ec3685" />
      <TestMethod codeBase="C:/Users/Matt/Desktop/CrmProvider/src/CustomMembershipProvider/CustomMembershipProvider.Tests/bin/Debug/CustomMembershipProvider.Tests.DLL" adapterTypeName="Microsoft.VisualStudio.TestTools.TestTypes.Unit.UnitTestAdapter, Microsoft.VisualStudio.QualityTools.Tips.UnitTest.Adapter, Version=10.0.0.0, Culture=neutral, PublicKeyToken=b03f5f7f11d50a3a" className="CustomMembershipProvider.Tests.Controllers.AccountControllerTest, CustomMembershipProvider.Tests, Version=1.0.0.0, Culture=neutral, PublicKeyToken=null" name="LogOn_Get_ReturnsView" />
    </UnitTest>
    <UnitTest name="Register_Get_ReturnsView" storage="c:\users\matt\desktop\crmprovider\src\custommembershipprovider\custommembershipprovider.tests\bin\debug\custommembershipprovider.tests.dll" id="d69ff632-4965-4a16-39e8-6abe6af8017a">
      <Execution id="58c72545-8c33-4522-a0bd-54ff0ebf8ec8" />
      <TestMethod codeBase="C:/Users/Matt/Desktop/CrmProvider/src/CustomMembershipProvider/CustomMembershipProvider.Tests/bin/Debug/CustomMembershipProvider.Tests.DLL" adapterTypeName="Microsoft.VisualStudio.TestTools.TestTypes.Unit.UnitTestAdapter, Microsoft.VisualStudio.QualityTools.Tips.UnitTest.Adapter, Version=10.0.0.0, Culture=neutral, PublicKeyToken=b03f5f7f11d50a3a" className="CustomMembershipProvider.Tests.Controllers.AccountControllerTest, CustomMembershipProvider.Tests, Version=1.0.0.0, Culture=neutral, PublicKeyToken=null" name="Register_Get_ReturnsView" />
    </UnitTest>
    <UnitTest name="LogOff_LogsOutAndRedirects" storage="c:\users\matt\desktop\crmprovider\src\custommembershipprovider\custommembershipprovider.tests\bin\debug\custommembershipprovider.tests.dll" id="54237a11-5f26-544e-2fba-6461295bae8c">
      <Execution id="3aeae24c-330c-4d12-92b9-e53b92ca2598" />
      <TestMethod codeBase="C:/Users/Matt/Desktop/CrmProvider/src/CustomMembershipProvider/CustomMembershipProvider.Tests/bin/Debug/CustomMembershipProvider.Tests.DLL" adapterTypeName="Microsoft.VisualStudio.TestTools.TestTypes.Unit.UnitTestAdapter, Microsoft.VisualStudio.QualityTools.Tips.UnitTest.Adapter, Version=10.0.0.0, Culture=neutral, PublicKeyToken=b03f5f7f11d50a3a" className="CustomMembershipProvider.Tests.Controllers.AccountControllerTest, CustomMembershipProvider.Tests, Version=1.0.0.0, Culture=neutral, PublicKeyToken=null" name="LogOff_LogsOutAndRedirects" />
    </UnitTest>
    <UnitTest name="Register_Post_ReturnsViewIfRegistrationFails" storage="c:\users\matt\desktop\crmprovider\src\custommembershipprovider\custommembershipprovider.tests\bin\debug\custommembershipprovider.tests.dll" id="4ad61c0c-b2ab-abd8-e132-a3768e04917d">
      <Execution id="371e2574-bc84-404c-a440-33a75cfb7cbb" />
      <TestMethod codeBase="C:/Users/Matt/Desktop/CrmProvider/src/CustomMembershipProvider/CustomMembershipProvider.Tests/bin/Debug/CustomMembershipProvider.Tests.DLL" adapterTypeName="Microsoft.VisualStudio.TestTools.TestTypes.Unit.UnitTestAdapter, Microsoft.VisualStudio.QualityTools.Tips.UnitTest.Adapter, Version=10.0.0.0, Culture=neutral, PublicKeyToken=b03f5f7f11d50a3a" className="CustomMembershipProvider.Tests.Controllers.AccountControllerTest, CustomMembershipProvider.Tests, Version=1.0.0.0, Culture=neutral, PublicKeyToken=null" name="Register_Post_ReturnsViewIfRegistrationFails" />
    </UnitTest>
    <UnitTest name="LogOn_Post_ReturnsViewIfValidateUserFails" storage="c:\users\matt\desktop\crmprovider\src\custommembershipprovider\custommembershipprovider.tests\bin\debug\custommembershipprovider.tests.dll" id="ebaa96b3-e2e8-23ad-8fdc-3ce70060d916">
      <Execution id="9b48b10e-6aca-4208-9b87-5dd13c7d19e0" />
      <TestMethod codeBase="C:/Users/Matt/Desktop/CrmProvider/src/CustomMembershipProvider/CustomMembershipProvider.Tests/bin/Debug/CustomMembershipProvider.Tests.DLL" adapterTypeName="Microsoft.VisualStudio.TestTools.TestTypes.Unit.UnitTestAdapter, Microsoft.VisualStudio.QualityTools.Tips.UnitTest.Adapter, Version=10.0.0.0, Culture=neutral, PublicKeyToken=b03f5f7f11d50a3a" className="CustomMembershipProvider.Tests.Controllers.AccountControllerTest, CustomMembershipProvider.Tests, Version=1.0.0.0, Culture=neutral, PublicKeyToken=null" name="LogOn_Post_ReturnsViewIfValidateUserFails" />
    </UnitTest>
    <UnitTest name="LogOn_Post_ReturnsRedirectOnSuccess_WithReturnUrl" storage="c:\users\matt\desktop\crmprovider\src\custommembershipprovider\custommembershipprovider.tests\bin\debug\custommembershipprovider.tests.dll" id="3fa2a8c3-5491-9982-3379-8b2e60a45de9">
      <Execution id="888ac60e-bbf8-4ca8-b5b1-d525a4372589" />
      <TestMethod codeBase="C:/Users/Matt/Desktop/CrmProvider/src/CustomMembershipProvider/CustomMembershipProvider.Tests/bin/Debug/CustomMembershipProvider.Tests.DLL" adapterTypeName="Microsoft.VisualStudio.TestTools.TestTypes.Unit.UnitTestAdapter, Microsoft.VisualStudio.QualityTools.Tips.UnitTest.Adapter, Version=10.0.0.0, Culture=neutral, PublicKeyToken=b03f5f7f11d50a3a" className="CustomMembershipProvider.Tests.Controllers.AccountControllerTest, CustomMembershipProvider.Tests, Version=1.0.0.0, Culture=neutral, PublicKeyToken=null" name="LogOn_Post_ReturnsRedirectOnSuccess_WithReturnUrl" />
    </UnitTest>
    <UnitTest name="Index" storage="c:\users\matt\desktop\crmprovider\src\custommembershipprovider\custommembershipprovider.tests\bin\debug\custommembershipprovider.tests.dll" id="f7a4f6e4-c59f-b88d-3310-4dca0b83e38e">
      <Execution id="41777f46-d6a3-4473-805b-987a6e60d685" />
      <TestMethod codeBase="C:/Users/Matt/Desktop/CrmProvider/src/CustomMembershipProvider/CustomMembershipProvider.Tests/bin/Debug/CustomMembershipProvider.Tests.DLL" adapterTypeName="Microsoft.VisualStudio.TestTools.TestTypes.Unit.UnitTestAdapter, Microsoft.VisualStudio.QualityTools.Tips.UnitTest.Adapter, Version=10.0.0.0, Culture=neutral, PublicKeyToken=b03f5f7f11d50a3a" className="CustomMembershipProvider.Tests.Controllers.HomeControllerTest, CustomMembershipProvider.Tests, Version=1.0.0.0, Culture=neutral, PublicKeyToken=null" name="Index" />
    </UnitTest>
    <UnitTest name="ChangePassword_Post_ReturnsViewIfChangePasswordFails" storage="c:\users\matt\desktop\crmprovider\src\custommembershipprovider\custommembershipprovider.tests\bin\debug\custommembershipprovider.tests.dll" id="5c83de2f-9c62-289b-f18e-54812365a857">
      <Execution id="f20f6349-08e2-4f6b-98a6-1c3a18465d50" />
      <TestMethod codeBase="C:/Users/Matt/Desktop/CrmProvider/src/CustomMembershipProvider/CustomMembershipProvider.Tests/bin/Debug/CustomMembershipProvider.Tests.DLL" adapterTypeName="Microsoft.VisualStudio.TestTools.TestTypes.Unit.UnitTestAdapter, Microsoft.VisualStudio.QualityTools.Tips.UnitTest.Adapter, Version=10.0.0.0, Culture=neutral, PublicKeyToken=b03f5f7f11d50a3a" className="CustomMembershipProvider.Tests.Controllers.AccountControllerTest, CustomMembershipProvider.Tests, Version=1.0.0.0, Culture=neutral, PublicKeyToken=null" name="ChangePassword_Post_ReturnsViewIfChangePasswordFails" />
    </UnitTest>
    <UnitTest name="LogOn_Post_ReturnsRedirectOnSuccess_WithoutReturnUrl" storage="c:\users\matt\desktop\crmprovider\src\custommembershipprovider\custommembershipprovider.tests\bin\debug\custommembershipprovider.tests.dll" id="aff14354-dcb9-05de-d04b-9fc8afc77cf3">
      <Execution id="4c8fade1-b1ed-49bd-89a2-b65482bd78b0" />
      <TestMethod codeBase="C:/Users/Matt/Desktop/CrmProvider/src/CustomMembershipProvider/CustomMembershipProvider.Tests/bin/Debug/CustomMembershipProvider.Tests.DLL" adapterTypeName="Microsoft.VisualStudio.TestTools.TestTypes.Unit.UnitTestAdapter, Microsoft.VisualStudio.QualityTools.Tips.UnitTest.Adapter, Version=10.0.0.0, Culture=neutral, PublicKeyToken=b03f5f7f11d50a3a" className="CustomMembershipProvider.Tests.Controllers.AccountControllerTest, CustomMembershipProvider.Tests, Version=1.0.0.0, Culture=neutral, PublicKeyToken=null" name="LogOn_Post_ReturnsRedirectOnSuccess_WithoutReturnUrl" />
    </UnitTest>
    <UnitTest name="ChangePassword_Post_ReturnsRedirectOnSuccess" storage="c:\users\matt\desktop\crmprovider\src\custommembershipprovider\custommembershipprovider.tests\bin\debug\custommembershipprovider.tests.dll" id="1710224a-e060-e271-c3bd-05670cd644ed">
      <Execution id="2ab4349a-b436-48f7-950d-d0d1d2bef952" />
      <TestMethod codeBase="C:/Users/Matt/Desktop/CrmProvider/src/CustomMembershipProvider/CustomMembershipProvider.Tests/bin/Debug/CustomMembershipProvider.Tests.DLL" adapterTypeName="Microsoft.VisualStudio.TestTools.TestTypes.Unit.UnitTestAdapter, Microsoft.VisualStudio.QualityTools.Tips.UnitTest.Adapter, Version=10.0.0.0, Culture=neutral, PublicKeyToken=b03f5f7f11d50a3a" className="CustomMembershipProvider.Tests.Controllers.AccountControllerTest, CustomMembershipProvider.Tests, Version=1.0.0.0, Culture=neutral, PublicKeyToken=null" name="ChangePassword_Post_ReturnsRedirectOnSuccess" />
    </UnitTest>
    <UnitTest name="LogOn_Post_ReturnsViewIfModelStateIsInvalid" storage="c:\users\matt\desktop\crmprovider\src\custommembershipprovider\custommembershipprovider.tests\bin\debug\custommembershipprovider.tests.dll" id="6938a69b-2d77-e799-1cf4-6bf6c9a09f5c">
      <Execution id="c5df5cc7-1da5-4076-bced-1d71fbf0a4c6" />
      <TestMethod codeBase="C:/Users/Matt/Desktop/CrmProvider/src/CustomMembershipProvider/CustomMembershipProvider.Tests/bin/Debug/CustomMembershipProvider.Tests.DLL" adapterTypeName="Microsoft.VisualStudio.TestTools.TestTypes.Unit.UnitTestAdapter, Microsoft.VisualStudio.QualityTools.Tips.UnitTest.Adapter, Version=10.0.0.0, Culture=neutral, PublicKeyToken=b03f5f7f11d50a3a" className="CustomMembershipProvider.Tests.Controllers.AccountControllerTest, CustomMembershipProvider.Tests, Version=1.0.0.0, Culture=neutral, PublicKeyToken=null" name="LogOn_Post_ReturnsViewIfModelStateIsInvalid" />
    </UnitTest>
    <UnitTest name="ChangePasswordSuccess_ReturnsView" storage="c:\users\matt\desktop\crmprovider\src\custommembershipprovider\custommembershipprovider.tests\bin\debug\custommembershipprovider.tests.dll" id="e7654f50-a340-c44c-0462-6ac81d657d72">
      <Execution id="fad0c186-fdc3-41f3-bfb8-37216547ec07" />
      <TestMethod codeBase="C:/Users/Matt/Desktop/CrmProvider/src/CustomMembershipProvider/CustomMembershipProvider.Tests/bin/Debug/CustomMembershipProvider.Tests.DLL" adapterTypeName="Microsoft.VisualStudio.TestTools.TestTypes.Unit.UnitTestAdapter, Microsoft.VisualStudio.QualityTools.Tips.UnitTest.Adapter, Version=10.0.0.0, Culture=neutral, PublicKeyToken=b03f5f7f11d50a3a" className="CustomMembershipProvider.Tests.Controllers.AccountControllerTest, CustomMembershipProvider.Tests, Version=1.0.0.0, Culture=neutral, PublicKeyToken=null" name="ChangePasswordSuccess_ReturnsView" />
    </UnitTest>
    <UnitTest name="ChangePassword_Get_ReturnsView" storage="c:\users\matt\desktop\crmprovider\src\custommembershipprovider\custommembershipprovider.tests\bin\debug\custommembershipprovider.tests.dll" id="550b9b41-f3e9-aeab-2e96-eeaa01081536">
      <Execution id="eab4628f-6bbd-40a2-947e-82f84fc66bfd" />
      <TestMethod codeBase="C:/Users/Matt/Desktop/CrmProvider/src/CustomMembershipProvider/CustomMembershipProvider.Tests/bin/Debug/CustomMembershipProvider.Tests.DLL" adapterTypeName="Microsoft.VisualStudio.TestTools.TestTypes.Unit.UnitTestAdapter, Microsoft.VisualStudio.QualityTools.Tips.UnitTest.Adapter, Version=10.0.0.0, Culture=neutral, PublicKeyToken=b03f5f7f11d50a3a" className="CustomMembershipProvider.Tests.Controllers.AccountControllerTest, CustomMembershipProvider.Tests, Version=1.0.0.0, Culture=neutral, PublicKeyToken=null" name="ChangePassword_Get_ReturnsView" />
    </UnitTest>
    <UnitTest name="Register_Post_ReturnsRedirectOnSuccess" storage="c:\users\matt\desktop\crmprovider\src\custommembershipprovider\custommembershipprovider.tests\bin\debug\custommembershipprovider.tests.dll" id="5fb64f25-1491-d65a-42c2-401cae78567a">
      <Execution id="16d31101-588b-4d90-a618-bf973808ce52" />
      <TestMethod codeBase="C:/Users/Matt/Desktop/CrmProvider/src/CustomMembershipProvider/CustomMembershipProvider.Tests/bin/Debug/CustomMembershipProvider.Tests.DLL" adapterTypeName="Microsoft.VisualStudio.TestTools.TestTypes.Unit.UnitTestAdapter, Microsoft.VisualStudio.QualityTools.Tips.UnitTest.Adapter, Version=10.0.0.0, Culture=neutral, PublicKeyToken=b03f5f7f11d50a3a" className="CustomMembershipProvider.Tests.Controllers.AccountControllerTest, CustomMembershipProvider.Tests, Version=1.0.0.0, Culture=neutral, PublicKeyToken=null" name="Register_Post_ReturnsRedirectOnSuccess" />
    </UnitTest>
  </TestDefinitions>
  <TestLists>
    <TestList name="Results Not in a List" id="8c84fa94-04c1-424b-9868-57a2d4851a1d" />
    <TestList name="All Loaded Results" id="19431567-8539-422a-85d7-44ee4e166bda" />
  </TestLists>
  <TestEntries>
    <TestEntry testId="1710224a-e060-e271-c3bd-05670cd644ed" executionId="2ab4349a-b436-48f7-950d-d0d1d2bef952" testListId="8c84fa94-04c1-424b-9868-57a2d4851a1d" />
    <TestEntry testId="293df830-f478-7ce6-3e1e-9a13424d2e8e" executionId="82c02d53-06d7-471d-a7fd-58aeb7ec3685" testListId="8c84fa94-04c1-424b-9868-57a2d4851a1d" />
    <TestEntry testId="3fa2a8c3-5491-9982-3379-8b2e60a45de9" executionId="888ac60e-bbf8-4ca8-b5b1-d525a4372589" testListId="8c84fa94-04c1-424b-9868-57a2d4851a1d" />
    <TestEntry testId="4ad61c0c-b2ab-abd8-e132-a3768e04917d" executionId="371e2574-bc84-404c-a440-33a75cfb7cbb" testListId="8c84fa94-04c1-424b-9868-57a2d4851a1d" />
    <TestEntry testId="54237a11-5f26-544e-2fba-6461295bae8c" executionId="3aeae24c-330c-4d12-92b9-e53b92ca2598" testListId="8c84fa94-04c1-424b-9868-57a2d4851a1d" />
    <TestEntry testId="550b9b41-f3e9-aeab-2e96-eeaa01081536" executionId="eab4628f-6bbd-40a2-947e-82f84fc66bfd" testListId="8c84fa94-04c1-424b-9868-57a2d4851a1d" />
    <TestEntry testId="5c83de2f-9c62-289b-f18e-54812365a857" executionId="f20f6349-08e2-4f6b-98a6-1c3a18465d50" testListId="8c84fa94-04c1-424b-9868-57a2d4851a1d" />
    <TestEntry testId="5fb64f25-1491-d65a-42c2-401cae78567a" executionId="16d31101-588b-4d90-a618-bf973808ce52" testListId="8c84fa94-04c1-424b-9868-57a2d4851a1d" />
    <TestEntry testId="6938a69b-2d77-e799-1cf4-6bf6c9a09f5c" executionId="c5df5cc7-1da5-4076-bced-1d71fbf0a4c6" testListId="8c84fa94-04c1-424b-9868-57a2d4851a1d" />
    <TestEntry testId="aff14354-dcb9-05de-d04b-9fc8afc77cf3" executionId="4c8fade1-b1ed-49bd-89a2-b65482bd78b0" testListId="8c84fa94-04c1-424b-9868-57a2d4851a1d" />
    <TestEntry testId="cb9b00e4-4dea-8fcc-479e-b0c40855c2c6" executionId="e9c36eae-5970-43b6-a521-6a97f0475b7b" testListId="8c84fa94-04c1-424b-9868-57a2d4851a1d" />
    <TestEntry testId="d69ff632-4965-4a16-39e8-6abe6af8017a" executionId="58c72545-8c33-4522-a0bd-54ff0ebf8ec8" testListId="8c84fa94-04c1-424b-9868-57a2d4851a1d" />
    <TestEntry testId="d8485814-0ff6-eb3a-a7b8-0d5b7a3052b8" executionId="37ae5765-13f3-4fda-8f8d-fe5ca508e7c3" testListId="8c84fa94-04c1-424b-9868-57a2d4851a1d" />
    <TestEntry testId="e7654f50-a340-c44c-0462-6ac81d657d72" executionId="fad0c186-fdc3-41f3-bfb8-37216547ec07" testListId="8c84fa94-04c1-424b-9868-57a2d4851a1d" />
    <TestEntry testId="ead62016-4658-fa23-310b-7d888d6ad318" executionId="224e8505-a037-4238-ba7d-927f196b3835" testListId="8c84fa94-04c1-424b-9868-57a2d4851a1d" />
    <TestEntry testId="ebaa96b3-e2e8-23ad-8fdc-3ce70060d916" executionId="9b48b10e-6aca-4208-9b87-5dd13c7d19e0" testListId="8c84fa94-04c1-424b-9868-57a2d4851a1d" />
    <TestEntry testId="f7a4f6e4-c59f-b88d-3310-4dca0b83e38e" executionId="41777f46-d6a3-4473-805b-987a6e60d685" testListId="8c84fa94-04c1-424b-9868-57a2d4851a1d" />
  </TestEntries>
  <Results>
    <UnitTestResult executionId="2ab4349a-b436-48f7-950d-d0d1d2bef952" testId="1710224a-e060-e271-c3bd-05670cd644ed" testName="ChangePassword_Post_ReturnsRedirectOnSuccess" computerName="MATT-VAIO" duration="00:00:00.2154873" startTime="2012-02-15T14:29:38.0948090-05:00" endTime="2012-02-15T14:29:40.9039697-05:00" testType="13cdc9d9-ddb5-4fa4-a97d-d965ccfc6d4b" outcome="Passed" testListId="8c84fa94-04c1-424b-9868-57a2d4851a1d" relativeResultsDirectory="2ab4349a-b436-48f7-950d-d0d1d2bef952">
    </UnitTestResult>
    <UnitTestResult executionId="82c02d53-06d7-471d-a7fd-58aeb7ec3685" testId="293df830-f478-7ce6-3e1e-9a13424d2e8e" testName="LogOn_Get_ReturnsView" computerName="MATT-VAIO" duration="00:00:00.0031723" startTime="2012-02-15T14:29:40.9189705-05:00" endTime="2012-02-15T14:29:40.9419718-05:00" testType="13cdc9d9-ddb5-4fa4-a97d-d965ccfc6d4b" outcome="Passed" testListId="8c84fa94-04c1-424b-9868-57a2d4851a1d" relativeResultsDirectory="82c02d53-06d7-471d-a7fd-58aeb7ec3685">
    </UnitTestResult>
    <UnitTestResult executionId="888ac60e-bbf8-4ca8-b5b1-d525a4372589" testId="3fa2a8c3-5491-9982-3379-8b2e60a45de9" testName="LogOn_Post_ReturnsRedirectOnSuccess_WithReturnUrl" computerName="MATT-VAIO" duration="00:00:00.0033191" startTime="2012-02-15T14:29:40.9539725-05:00" endTime="2012-02-15T14:29:40.9869744-05:00" testType="13cdc9d9-ddb5-4fa4-a97d-d965ccfc6d4b" outcome="Passed" testListId="8c84fa94-04c1-424b-9868-57a2d4851a1d" relativeResultsDirectory="888ac60e-bbf8-4ca8-b5b1-d525a4372589">
    </UnitTestResult>
    <UnitTestResult executionId="371e2574-bc84-404c-a440-33a75cfb7cbb" testId="4ad61c0c-b2ab-abd8-e132-a3768e04917d" testName="Register_Post_ReturnsViewIfRegistrationFails" computerName="MATT-VAIO" duration="00:00:00.0064240" startTime="2012-02-15T14:29:40.9979750-05:00" endTime="2012-02-15T14:29:41.0189762-05:00" testType="13cdc9d9-ddb5-4fa4-a97d-d965ccfc6d4b" outcome="Passed" testListId="8c84fa94-04c1-424b-9868-57a2d4851a1d" relativeResultsDirectory="371e2574-bc84-404c-a440-33a75cfb7cbb">
    </UnitTestResult>
    <UnitTestResult executionId="3aeae24c-330c-4d12-92b9-e53b92ca2598" testId="54237a11-5f26-544e-2fba-6461295bae8c" testName="LogOff_LogsOutAndRedirects" computerName="MATT-VAIO" duration="00:00:00.0009323" startTime="2012-02-15T14:29:41.0329770-05:00" endTime="2012-02-15T14:29:41.0499780-05:00" testType="13cdc9d9-ddb5-4fa4-a97d-d965ccfc6d4b" outcome="Passed" testListId="8c84fa94-04c1-424b-9868-57a2d4851a1d" relativeResultsDirectory="3aeae24c-330c-4d12-92b9-e53b92ca2598">
    </UnitTestResult>
    <UnitTestResult executionId="eab4628f-6bbd-40a2-947e-82f84fc66bfd" testId="550b9b41-f3e9-aeab-2e96-eeaa01081536" testName="ChangePassword_Get_ReturnsView" computerName="MATT-VAIO" duration="00:00:00.0006667" startTime="2012-02-15T14:29:41.0669790-05:00" endTime="2012-02-15T14:29:41.0849800-05:00" testType="13cdc9d9-ddb5-4fa4-a97d-d965ccfc6d4b" outcome="Passed" testListId="8c84fa94-04c1-424b-9868-57a2d4851a1d" relativeResultsDirectory="eab4628f-6bbd-40a2-947e-82f84fc66bfd">
    </UnitTestResult>
    <UnitTestResult executionId="f20f6349-08e2-4f6b-98a6-1c3a18465d50" testId="5c83de2f-9c62-289b-f18e-54812365a857" testName="ChangePassword_Post_ReturnsViewIfChangePasswordFails" computerName="MATT-VAIO" duration="00:00:00.0006775" startTime="2012-02-15T14:29:41.1089814-05:00" endTime="2012-02-15T14:29:41.1299826-05:00" testType="13cdc9d9-ddb5-4fa4-a97d-d965ccfc6d4b" outcome="Passed" testListId="8c84fa94-04c1-424b-9868-57a2d4851a1d" relativeResultsDirectory="f20f6349-08e2-4f6b-98a6-1c3a18465d50">
    </UnitTestResult>
    <UnitTestResult executionId="16d31101-588b-4d90-a618-bf973808ce52" testId="5fb64f25-1491-d65a-42c2-401cae78567a" testName="Register_Post_ReturnsRedirectOnSuccess" computerName="MATT-VAIO" duration="00:00:00.0005478" startTime="2012-02-15T14:29:41.1439834-05:00" endTime="2012-02-15T14:29:41.1639845-05:00" testType="13cdc9d9-ddb5-4fa4-a97d-d965ccfc6d4b" outcome="Passed" testListId="8c84fa94-04c1-424b-9868-57a2d4851a1d" relativeResultsDirectory="16d31101-588b-4d90-a618-bf973808ce52">
    </UnitTestResult>
    <UnitTestResult executionId="c5df5cc7-1da5-4076-bced-1d71fbf0a4c6" testId="6938a69b-2d77-e799-1cf4-6bf6c9a09f5c" testName="LogOn_Post_ReturnsViewIfModelStateIsInvalid" computerName="MATT-VAIO" duration="00:00:00.0007308" startTime="2012-02-15T14:29:41.1759852-05:00" endTime="2012-02-15T14:29:41.1939862-05:00" testType="13cdc9d9-ddb5-4fa4-a97d-d965ccfc6d4b" outcome="Passed" testListId="8c84fa94-04c1-424b-9868-57a2d4851a1d" relativeResultsDirectory="c5df5cc7-1da5-4076-bced-1d71fbf0a4c6">
    </UnitTestResult>
    <UnitTestResult executionId="4c8fade1-b1ed-49bd-89a2-b65482bd78b0" testId="aff14354-dcb9-05de-d04b-9fc8afc77cf3" testName="LogOn_Post_ReturnsRedirectOnSuccess_WithoutReturnUrl" computerName="MATT-VAIO" duration="00:00:00.0005987" startTime="2012-02-15T14:29:41.2059869-05:00" endTime="2012-02-15T14:29:41.2229879-05:00" testType="13cdc9d9-ddb5-4fa4-a97d-d965ccfc6d4b" outcome="Passed" testListId="8c84fa94-04c1-424b-9868-57a2d4851a1d" relativeResultsDirectory="4c8fade1-b1ed-49bd-89a2-b65482bd78b0">
    </UnitTestResult>
    <UnitTestResult executionId="e9c36eae-5970-43b6-a521-6a97f0475b7b" testId="cb9b00e4-4dea-8fcc-479e-b0c40855c2c6" testName="Register_Post_ReturnsViewIfModelStateIsInvalid" computerName="MATT-VAIO" duration="00:00:00.0006202" startTime="2012-02-15T14:29:41.2339885-05:00" endTime="2012-02-15T14:29:41.2509895-05:00" testType="13cdc9d9-ddb5-4fa4-a97d-d965ccfc6d4b" outcome="Passed" testListId="8c84fa94-04c1-424b-9868-57a2d4851a1d" relativeResultsDirectory="e9c36eae-5970-43b6-a521-6a97f0475b7b">
    </UnitTestResult>
    <UnitTestResult executionId="58c72545-8c33-4522-a0bd-54ff0ebf8ec8" testId="d69ff632-4965-4a16-39e8-6abe6af8017a" testName="Register_Get_ReturnsView" computerName="MATT-VAIO" duration="00:00:00.0007083" startTime="2012-02-15T14:29:41.2629902-05:00" endTime="2012-02-15T14:29:41.2789911-05:00" testType="13cdc9d9-ddb5-4fa4-a97d-d965ccfc6d4b" outcome="Passed" testListId="8c84fa94-04c1-424b-9868-57a2d4851a1d" relativeResultsDirectory="58c72545-8c33-4522-a0bd-54ff0ebf8ec8">
    </UnitTestResult>
    <UnitTestResult executionId="37ae5765-13f3-4fda-8f8d-fe5ca508e7c3" testId="d8485814-0ff6-eb3a-a7b8-0d5b7a3052b8" testName="About" computerName="MATT-VAIO" duration="00:00:00.0009108" startTime="2012-02-15T14:29:41.2969921-05:00" endTime="2012-02-15T14:29:41.3119930-05:00" testType="13cdc9d9-ddb5-4fa4-a97d-d965ccfc6d4b" outcome="Passed" testListId="8c84fa94-04c1-424b-9868-57a2d4851a1d" relativeResultsDirectory="37ae5765-13f3-4fda-8f8d-fe5ca508e7c3">
    </UnitTestResult>
    <UnitTestResult executionId="fad0c186-fdc3-41f3-bfb8-37216547ec07" testId="e7654f50-a340-c44c-0462-6ac81d657d72" testName="ChangePasswordSuccess_ReturnsView" computerName="MATT-VAIO" duration="00:00:00.0004754" startTime="2012-02-15T14:29:41.3219936-05:00" endTime="2012-02-15T14:29:41.3399946-05:00" testType="13cdc9d9-ddb5-4fa4-a97d-d965ccfc6d4b" outcome="Passed" testListId="8c84fa94-04c1-424b-9868-57a2d4851a1d" relativeResultsDirectory="fad0c186-fdc3-41f3-bfb8-37216547ec07">
    </UnitTestResult>
    <UnitTestResult executionId="224e8505-a037-4238-ba7d-927f196b3835" testId="ead62016-4658-fa23-310b-7d888d6ad318" testName="ChangePassword_Post_ReturnsViewIfModelStateIsInvalid" computerName="MATT-VAIO" duration="00:00:00.0005532" startTime="2012-02-15T14:29:41.3679962-05:00" endTime="2012-02-15T14:29:41.3909975-05:00" testType="13cdc9d9-ddb5-4fa4-a97d-d965ccfc6d4b" outcome="Passed" testListId="8c84fa94-04c1-424b-9868-57a2d4851a1d" relativeResultsDirectory="224e8505-a037-4238-ba7d-927f196b3835">
    </UnitTestResult>
    <UnitTestResult executionId="9b48b10e-6aca-4208-9b87-5dd13c7d19e0" testId="ebaa96b3-e2e8-23ad-8fdc-3ce70060d916" testName="LogOn_Post_ReturnsViewIfValidateUserFails" computerName="MATT-VAIO" duration="00:00:00.0005987" startTime="2012-02-15T14:29:41.4089985-05:00" endTime="2012-02-15T14:29:41.4239994-05:00" testType="13cdc9d9-ddb5-4fa4-a97d-d965ccfc6d4b" outcome="Passed" testListId="8c84fa94-04c1-424b-9868-57a2d4851a1d" relativeResultsDirectory="9b48b10e-6aca-4208-9b87-5dd13c7d19e0">
    </UnitTestResult>
    <UnitTestResult executionId="41777f46-d6a3-4473-805b-987a6e60d685" testId="f7a4f6e4-c59f-b88d-3310-4dca0b83e38e" testName="Index" computerName="MATT-VAIO" duration="00:00:00.0006129" startTime="2012-02-15T14:29:41.4420004-05:00" endTime="2012-02-15T14:29:41.4570013-05:00" testType="13cdc9d9-ddb5-4fa4-a97d-d965ccfc6d4b" outcome="Passed" testListId="8c84fa94-04c1-424b-9868-57a2d4851a1d" relativeResultsDirectory="41777f46-d6a3-4473-805b-987a6e60d685">
    </UnitTestResult>
  </Results>
</TestRun>