<?xml version="1.0" encoding="UTF-8"?>
<TestRun id="2973ae6f-5ab4-4ad5-aa11-32e1004fa09e" name="Matt@MATT-VAIO 2012-02-15 14:35:52" runUser="Matt-VAIO\Matt" xmlns="http://microsoft.com/schemas/VisualStudio/TeamTest/2010">
  <TestSettings name="Default Test Settings" id="bca08d81-9262-49a7-9a21-8bbcf964de5b">
    <Deployment runDeploymentRoot="Matt_MATT-VAIO 2012-02-15 14_35_52">
      <DeploymentItem filename="C:\Users\Matt\Desktop\CrmProvider\src\CustomMembershipProvider\CustomMembershipProvider\bin\CustomMembershipProvider.dll" />
    </Deployment>
    <Execution>
      <TestTypeSpecific />
      <AgentRule name="Execution Agents">
      </AgentRule>
    </Execution>
  </TestSettings>
  <Times creation="2012-02-15T14:35:52.3972179-05:00" queuing="2012-02-15T14:35:52.5542268-05:00" start="2012-02-15T14:35:52.5792283-05:00" finish="2012-02-15T14:35:53.2772682-05:00" />
  <ResultSummary outcome="Completed">
    <Counters total="17" executed="17" passed="17" error="0" failed="0" timeout="0" aborted="0" inconclusive="0" passedButRunAborted="0" notRunnable="0" notExecuted="0" disconnected="0" warning="0" completed="0" inProgress="0" pending="0" />
  </ResultSummary>
  <TestDefinitions>
    <UnitTest name="ChangePassword_Post_ReturnsViewIfModelStateIsInvalid" storage="c:\users\matt\desktop\crmprovider\src\custommembershipprovider\custommembershipprovider.tests\bin\debug\custommembershipprovider.tests.dll" id="ead62016-4658-fa23-310b-7d888d6ad318">
      <Execution id="aafc1383-d735-4bee-ba2c-ff76b8c49e71" />
      <TestMethod codeBase="C:/Users/Matt/Desktop/CrmProvider/src/CustomMembershipProvider/CustomMembershipProvider.Tests/bin/Debug/CustomMembershipProvider.Tests.DLL" adapterTypeName="Microsoft.VisualStudio.TestTools.TestTypes.Unit.UnitTestAdapter, Microsoft.VisualStudio.QualityTools.Tips.UnitTest.Adapter, Version=10.0.0.0, Culture=neutral, PublicKeyToken=b03f5f7f11d50a3a" className="CustomMembershipProvider.Tests.Controllers.AccountControllerTest, CustomMembershipProvider.Tests, Version=1.0.0.0, Culture=neutral, PublicKeyToken=null" name="ChangePassword_Post_ReturnsViewIfModelStateIsInvalid" />
    </UnitTest>
    <UnitTest name="Register_Post_ReturnsViewIfModelStateIsInvalid" storage="c:\users\matt\desktop\crmprovider\src\custommembershipprovider\custommembershipprovider.tests\bin\debug\custommembershipprovider.tests.dll" id="cb9b00e4-4dea-8fcc-479e-b0c40855c2c6">
      <Execution id="e6a51014-3891-4e41-8ec4-e36c0828333c" />
      <TestMethod codeBase="C:/Users/Matt/Desktop/CrmProvider/src/CustomMembershipProvider/CustomMembershipProvider.Tests/bin/Debug/CustomMembershipProvider.Tests.DLL" adapterTypeName="Microsoft.VisualStudio.TestTools.TestTypes.Unit.UnitTestAdapter, Microsoft.VisualStudio.QualityTools.Tips.UnitTest.Adapter, Version=10.0.0.0, Culture=neutral, PublicKeyToken=b03f5f7f11d50a3a" className="CustomMembershipProvider.Tests.Controllers.AccountControllerTest, CustomMembershipProvider.Tests, Version=1.0.0.0, Culture=neutral, PublicKeyToken=null" name="Register_Post_ReturnsViewIfModelStateIsInvalid" />
    </UnitTest>
    <UnitTest name="About" storage="c:\users\matt\desktop\crmprovider\src\custommembershipprovider\custommembershipprovider.tests\bin\debug\custommembershipprovider.tests.dll" id="d8485814-0ff6-eb3a-a7b8-0d5b7a3052b8">
      <Execution id="67e675a2-66ae-4042-8ef4-edfd19d7b3a2" />
      <TestMethod codeBase="C:/Users/Matt/Desktop/CrmProvider/src/CustomMembershipProvider/CustomMembershipProvider.Tests/bin/Debug/CustomMembershipProvider.Tests.DLL" adapterTypeName="Microsoft.VisualStudio.TestTools.TestTypes.Unit.UnitTestAdapter, Microsoft.VisualStudio.QualityTools.Tips.UnitTest.Adapter, Version=10.0.0.0, Culture=neutral, PublicKeyToken=b03f5f7f11d50a3a" className="CustomMembershipProvider.Tests.Controllers.HomeControllerTest, CustomMembershipProvider.Tests, Version=1.0.0.0, Culture=neutral, PublicKeyToken=null" name="About" />
    </UnitTest>
    <UnitTest name="LogOn_Get_ReturnsView" storage="c:\users\matt\desktop\crmprovider\src\custommembershipprovider\custommembershipprovider.tests\bin\debug\custommembershipprovider.tests.dll" id="293df830-f478-7ce6-3e1e-9a13424d2e8e">
      <Execution id="4a5640a3-a274-4a69-accd-5330bb0d7b15" />
      <TestMethod codeBase="C:/Users/Matt/Desktop/CrmProvider/src/CustomMembershipProvider/CustomMembershipProvider.Tests/bin/Debug/CustomMembershipProvider.Tests.DLL" adapterTypeName="Microsoft.VisualStudio.TestTools.TestTypes.Unit.UnitTestAdapter, Microsoft.VisualStudio.QualityTools.Tips.UnitTest.Adapter, Version=10.0.0.0, Culture=neutral, PublicKeyToken=b03f5f7f11d50a3a" className="CustomMembershipProvider.Tests.Controllers.AccountControllerTest, CustomMembershipProvider.Tests, Version=1.0.0.0, Culture=neutral, PublicKeyToken=null" name="LogOn_Get_ReturnsView" />
    </UnitTest>
    <UnitTest name="Register_Get_ReturnsView" storage="c:\users\matt\desktop\crmprovider\src\custommembershipprovider\custommembershipprovider.tests\bin\debug\custommembershipprovider.tests.dll" id="d69ff632-4965-4a16-39e8-6abe6af8017a">
      <Execution id="b0b32741-fd1b-4df3-82b3-4225889c7b93" />
      <TestMethod codeBase="C:/Users/Matt/Desktop/CrmProvider/src/CustomMembershipProvider/CustomMembershipProvider.Tests/bin/Debug/CustomMembershipProvider.Tests.DLL" adapterTypeName="Microsoft.VisualStudio.TestTools.TestTypes.Unit.UnitTestAdapter, Microsoft.VisualStudio.QualityTools.Tips.UnitTest.Adapter, Version=10.0.0.0, Culture=neutral, PublicKeyToken=b03f5f7f11d50a3a" className="CustomMembershipProvider.Tests.Controllers.AccountControllerTest, CustomMembershipProvider.Tests, Version=1.0.0.0, Culture=neutral, PublicKeyToken=null" name="Register_Get_ReturnsView" />
    </UnitTest>
    <UnitTest name="LogOff_LogsOutAndRedirects" storage="c:\users\matt\desktop\crmprovider\src\custommembershipprovider\custommembershipprovider.tests\bin\debug\custommembershipprovider.tests.dll" id="54237a11-5f26-544e-2fba-6461295bae8c">
      <Execution id="5e53a1eb-0c49-401e-8fc3-6cdffa8326e7" />
      <TestMethod codeBase="C:/Users/Matt/Desktop/CrmProvider/src/CustomMembershipProvider/CustomMembershipProvider.Tests/bin/Debug/CustomMembershipProvider.Tests.DLL" adapterTypeName="Microsoft.VisualStudio.TestTools.TestTypes.Unit.UnitTestAdapter, Microsoft.VisualStudio.QualityTools.Tips.UnitTest.Adapter, Version=10.0.0.0, Culture=neutral, PublicKeyToken=b03f5f7f11d50a3a" className="CustomMembershipProvider.Tests.Controllers.AccountControllerTest, CustomMembershipProvider.Tests, Version=1.0.0.0, Culture=neutral, PublicKeyToken=null" name="LogOff_LogsOutAndRedirects" />
    </UnitTest>
    <UnitTest name="Register_Post_ReturnsViewIfRegistrationFails" storage="c:\users\matt\desktop\crmprovider\src\custommembershipprovider\custommembershipprovider.tests\bin\debug\custommembershipprovider.tests.dll" id="4ad61c0c-b2ab-abd8-e132-a3768e04917d">
      <Execution id="f719f021-e323-4195-93b6-d4011ad36650" />
      <TestMethod codeBase="C:/Users/Matt/Desktop/CrmProvider/src/CustomMembershipProvider/CustomMembershipProvider.Tests/bin/Debug/CustomMembershipProvider.Tests.DLL" adapterTypeName="Microsoft.VisualStudio.TestTools.TestTypes.Unit.UnitTestAdapter, Microsoft.VisualStudio.QualityTools.Tips.UnitTest.Adapter, Version=10.0.0.0, Culture=neutral, PublicKeyToken=b03f5f7f11d50a3a" className="CustomMembershipProvider.Tests.Controllers.AccountControllerTest, CustomMembershipProvider.Tests, Version=1.0.0.0, Culture=neutral, PublicKeyToken=null" name="Register_Post_ReturnsViewIfRegistrationFails" />
    </UnitTest>
    <UnitTest name="LogOn_Post_ReturnsViewIfValidateUserFails" storage="c:\users\matt\desktop\crmprovider\src\custommembershipprovider\custommembershipprovider.tests\bin\debug\custommembershipprovider.tests.dll" id="ebaa96b3-e2e8-23ad-8fdc-3ce70060d916">
      <Execution id="523d01b2-bab1-48b5-a6bf-0869025eb15a" />
      <TestMethod codeBase="C:/Users/Matt/Desktop/CrmProvider/src/CustomMembershipProvider/CustomMembershipProvider.Tests/bin/Debug/CustomMembershipProvider.Tests.DLL" adapterTypeName="Microsoft.VisualStudio.TestTools.TestTypes.Unit.UnitTestAdapter, Microsoft.VisualStudio.QualityTools.Tips.UnitTest.Adapter, Version=10.0.0.0, Culture=neutral, PublicKeyToken=b03f5f7f11d50a3a" className="CustomMembershipProvider.Tests.Controllers.AccountControllerTest, CustomMembershipProvider.Tests, Version=1.0.0.0, Culture=neutral, PublicKeyToken=null" name="LogOn_Post_ReturnsViewIfValidateUserFails" />
    </UnitTest>
    <UnitTest name="LogOn_Post_ReturnsRedirectOnSuccess_WithReturnUrl" storage="c:\users\matt\desktop\crmprovider\src\custommembershipprovider\custommembershipprovider.tests\bin\debug\custommembershipprovider.tests.dll" id="3fa2a8c3-5491-9982-3379-8b2e60a45de9">
      <Execution id="824f7c0e-2de4-45df-94ac-b6604be875d7" />
      <TestMethod codeBase="C:/Users/Matt/Desktop/CrmProvider/src/CustomMembershipProvider/CustomMembershipProvider.Tests/bin/Debug/CustomMembershipProvider.Tests.DLL" adapterTypeName="Microsoft.VisualStudio.TestTools.TestTypes.Unit.UnitTestAdapter, Microsoft.VisualStudio.QualityTools.Tips.UnitTest.Adapter, Version=10.0.0.0, Culture=neutral, PublicKeyToken=b03f5f7f11d50a3a" className="CustomMembershipProvider.Tests.Controllers.AccountControllerTest, CustomMembershipProvider.Tests, Version=1.0.0.0, Culture=neutral, PublicKeyToken=null" name="LogOn_Post_ReturnsRedirectOnSuccess_WithReturnUrl" />
    </UnitTest>
    <UnitTest name="Index" storage="c:\users\matt\desktop\crmprovider\src\custommembershipprovider\custommembershipprovider.tests\bin\debug\custommembershipprovider.tests.dll" id="f7a4f6e4-c59f-b88d-3310-4dca0b83e38e">
      <Execution id="c52a0a32-f478-49b4-875e-816fa1b3eaa4" />
      <TestMethod codeBase="C:/Users/Matt/Desktop/CrmProvider/src/CustomMembershipProvider/CustomMembershipProvider.Tests/bin/Debug/CustomMembershipProvider.Tests.DLL" adapterTypeName="Microsoft.VisualStudio.TestTools.TestTypes.Unit.UnitTestAdapter, Microsoft.VisualStudio.QualityTools.Tips.UnitTest.Adapter, Version=10.0.0.0, Culture=neutral, PublicKeyToken=b03f5f7f11d50a3a" className="CustomMembershipProvider.Tests.Controllers.HomeControllerTest, CustomMembershipProvider.Tests, Version=1.0.0.0, Culture=neutral, PublicKeyToken=null" name="Index" />
    </UnitTest>
    <UnitTest name="ChangePassword_Post_ReturnsViewIfChangePasswordFails" storage="c:\users\matt\desktop\crmprovider\src\custommembershipprovider\custommembershipprovider.tests\bin\debug\custommembershipprovider.tests.dll" id="5c83de2f-9c62-289b-f18e-54812365a857">
      <Execution id="1a4bc740-ca5b-4402-8555-a5f1c59a27ef" />
      <TestMethod codeBase="C:/Users/Matt/Desktop/CrmProvider/src/CustomMembershipProvider/CustomMembershipProvider.Tests/bin/Debug/CustomMembershipProvider.Tests.DLL" adapterTypeName="Microsoft.VisualStudio.TestTools.TestTypes.Unit.UnitTestAdapter, Microsoft.VisualStudio.QualityTools.Tips.UnitTest.Adapter, Version=10.0.0.0, Culture=neutral, PublicKeyToken=b03f5f7f11d50a3a" className="CustomMembershipProvider.Tests.Controllers.AccountControllerTest, CustomMembershipProvider.Tests, Version=1.0.0.0, Culture=neutral, PublicKeyToken=null" name="ChangePassword_Post_ReturnsViewIfChangePasswordFails" />
    </UnitTest>
    <UnitTest name="LogOn_Post_ReturnsRedirectOnSuccess_WithoutReturnUrl" storage="c:\users\matt\desktop\crmprovider\src\custommembershipprovider\custommembershipprovider.tests\bin\debug\custommembershipprovider.tests.dll" id="aff14354-dcb9-05de-d04b-9fc8afc77cf3">
      <Execution id="c58a4408-9462-4a64-8784-9e7500c30255" />
      <TestMethod codeBase="C:/Users/Matt/Desktop/CrmProvider/src/CustomMembershipProvider/CustomMembershipProvider.Tests/bin/Debug/CustomMembershipProvider.Tests.DLL" adapterTypeName="Microsoft.VisualStudio.TestTools.TestTypes.Unit.UnitTestAdapter, Microsoft.VisualStudio.QualityTools.Tips.UnitTest.Adapter, Version=10.0.0.0, Culture=neutral, PublicKeyToken=b03f5f7f11d50a3a" className="CustomMembershipProvider.Tests.Controllers.AccountControllerTest, CustomMembershipProvider.Tests, Version=1.0.0.0, Culture=neutral, PublicKeyToken=null" name="LogOn_Post_ReturnsRedirectOnSuccess_WithoutReturnUrl" />
    </UnitTest>
    <UnitTest name="ChangePassword_Post_ReturnsRedirectOnSuccess" storage="c:\users\matt\desktop\crmprovider\src\custommembershipprovider\custommembershipprovider.tests\bin\debug\custommembershipprovider.tests.dll" id="1710224a-e060-e271-c3bd-05670cd644ed">
      <Execution id="5ade031e-e507-4ea3-9ced-5ab3cacd3b27" />
      <TestMethod codeBase="C:/Users/Matt/Desktop/CrmProvider/src/CustomMembershipProvider/CustomMembershipProvider.Tests/bin/Debug/CustomMembershipProvider.Tests.DLL" adapterTypeName="Microsoft.VisualStudio.TestTools.TestTypes.Unit.UnitTestAdapter, Microsoft.VisualStudio.QualityTools.Tips.UnitTest.Adapter, Version=10.0.0.0, Culture=neutral, PublicKeyToken=b03f5f7f11d50a3a" className="CustomMembershipProvider.Tests.Controllers.AccountControllerTest, CustomMembershipProvider.Tests, Version=1.0.0.0, Culture=neutral, PublicKeyToken=null" name="ChangePassword_Post_ReturnsRedirectOnSuccess" />
    </UnitTest>
    <UnitTest name="LogOn_Post_ReturnsViewIfModelStateIsInvalid" storage="c:\users\matt\desktop\crmprovider\src\custommembershipprovider\custommembershipprovider.tests\bin\debug\custommembershipprovider.tests.dll" id="6938a69b-2d77-e799-1cf4-6bf6c9a09f5c">
      <Execution id="0f09047b-e769-4a78-84dc-30f0623e202a" />
      <TestMethod codeBase="C:/Users/Matt/Desktop/CrmProvider/src/CustomMembershipProvider/CustomMembershipProvider.Tests/bin/Debug/CustomMembershipProvider.Tests.DLL" adapterTypeName="Microsoft.VisualStudio.TestTools.TestTypes.Unit.UnitTestAdapter, Microsoft.VisualStudio.QualityTools.Tips.UnitTest.Adapter, Version=10.0.0.0, Culture=neutral, PublicKeyToken=b03f5f7f11d50a3a" className="CustomMembershipProvider.Tests.Controllers.AccountControllerTest, CustomMembershipProvider.Tests, Version=1.0.0.0, Culture=neutral, PublicKeyToken=null" name="LogOn_Post_ReturnsViewIfModelStateIsInvalid" />
    </UnitTest>
    <UnitTest name="ChangePasswordSuccess_ReturnsView" storage="c:\users\matt\desktop\crmprovider\src\custommembershipprovider\custommembershipprovider.tests\bin\debug\custommembershipprovider.tests.dll" id="e7654f50-a340-c44c-0462-6ac81d657d72">
      <Execution id="1e2783ce-3c3c-4d9d-ab1a-ba5240696ec8" />
      <TestMethod codeBase="C:/Users/Matt/Desktop/CrmProvider/src/CustomMembershipProvider/CustomMembershipProvider.Tests/bin/Debug/CustomMembershipProvider.Tests.DLL" adapterTypeName="Microsoft.VisualStudio.TestTools.TestTypes.Unit.UnitTestAdapter, Microsoft.VisualStudio.QualityTools.Tips.UnitTest.Adapter, Version=10.0.0.0, Culture=neutral, PublicKeyToken=b03f5f7f11d50a3a" className="CustomMembershipProvider.Tests.Controllers.AccountControllerTest, CustomMembershipProvider.Tests, Version=1.0.0.0, Culture=neutral, PublicKeyToken=null" name="ChangePasswordSuccess_ReturnsView" />
    </UnitTest>
    <UnitTest name="ChangePassword_Get_ReturnsView" storage="c:\users\matt\desktop\crmprovider\src\custommembershipprovider\custommembershipprovider.tests\bin\debug\custommembershipprovider.tests.dll" id="550b9b41-f3e9-aeab-2e96-eeaa01081536">
      <Execution id="8462e37f-aab6-45a6-95f8-d8713bfe5077" />
      <TestMethod codeBase="C:/Users/Matt/Desktop/CrmProvider/src/CustomMembershipProvider/CustomMembershipProvider.Tests/bin/Debug/CustomMembershipProvider.Tests.DLL" adapterTypeName="Microsoft.VisualStudio.TestTools.TestTypes.Unit.UnitTestAdapter, Microsoft.VisualStudio.QualityTools.Tips.UnitTest.Adapter, Version=10.0.0.0, Culture=neutral, PublicKeyToken=b03f5f7f11d50a3a" className="CustomMembershipProvider.Tests.Controllers.AccountControllerTest, CustomMembershipProvider.Tests, Version=1.0.0.0, Culture=neutral, PublicKeyToken=null" name="ChangePassword_Get_ReturnsView" />
    </UnitTest>
    <UnitTest name="Register_Post_ReturnsRedirectOnSuccess" storage="c:\users\matt\desktop\crmprovider\src\custommembershipprovider\custommembershipprovider.tests\bin\debug\custommembershipprovider.tests.dll" id="5fb64f25-1491-d65a-42c2-401cae78567a">
      <Execution id="0379f6c2-9260-4d57-aabf-175f27140fe5" />
      <TestMethod codeBase="C:/Users/Matt/Desktop/CrmProvider/src/CustomMembershipProvider/CustomMembershipProvider.Tests/bin/Debug/CustomMembershipProvider.Tests.DLL" adapterTypeName="Microsoft.VisualStudio.TestTools.TestTypes.Unit.UnitTestAdapter, Microsoft.VisualStudio.QualityTools.Tips.UnitTest.Adapter, Version=10.0.0.0, Culture=neutral, PublicKeyToken=b03f5f7f11d50a3a" className="CustomMembershipProvider.Tests.Controllers.AccountControllerTest, CustomMembershipProvider.Tests, Version=1.0.0.0, Culture=neutral, PublicKeyToken=null" name="Register_Post_ReturnsRedirectOnSuccess" />
    </UnitTest>
  </TestDefinitions>
  <TestLists>
    <TestList name="Results Not in a List" id="8c84fa94-04c1-424b-9868-57a2d4851a1d" />
    <TestList name="All Loaded Results" id="19431567-8539-422a-85d7-44ee4e166bda" />
  </TestLists>
  <TestEntries>
    <TestEntry testId="1710224a-e060-e271-c3bd-05670cd644ed" executionId="5ade031e-e507-4ea3-9ced-5ab3cacd3b27" testListId="8c84fa94-04c1-424b-9868-57a2d4851a1d" />
    <TestEntry testId="293df830-f478-7ce6-3e1e-9a13424d2e8e" executionId="4a5640a3-a274-4a69-accd-5330bb0d7b15" testListId="8c84fa94-04c1-424b-9868-57a2d4851a1d" />
    <TestEntry testId="3fa2a8c3-5491-9982-3379-8b2e60a45de9" executionId="824f7c0e-2de4-45df-94ac-b6604be875d7" testListId="8c84fa94-04c1-424b-9868-57a2d4851a1d" />
    <TestEntry testId="4ad61c0c-b2ab-abd8-e132-a3768e04917d" executionId="f719f021-e323-4195-93b6-d4011ad36650" testListId="8c84fa94-04c1-424b-9868-57a2d4851a1d" />
    <TestEntry testId="54237a11-5f26-544e-2fba-6461295bae8c" executionId="5e53a1eb-0c49-401e-8fc3-6cdffa8326e7" testListId="8c84fa94-04c1-424b-9868-57a2d4851a1d" />
    <TestEntry testId="550b9b41-f3e9-aeab-2e96-eeaa01081536" executionId="8462e37f-aab6-45a6-95f8-d8713bfe5077" testListId="8c84fa94-04c1-424b-9868-57a2d4851a1d" />
    <TestEntry testId="5c83de2f-9c62-289b-f18e-54812365a857" executionId="1a4bc740-ca5b-4402-8555-a5f1c59a27ef" testListId="8c84fa94-04c1-424b-9868-57a2d4851a1d" />
    <TestEntry testId="5fb64f25-1491-d65a-42c2-401cae78567a" executionId="0379f6c2-9260-4d57-aabf-175f27140fe5" testListId="8c84fa94-04c1-424b-9868-57a2d4851a1d" />
    <TestEntry testId="6938a69b-2d77-e799-1cf4-6bf6c9a09f5c" executionId="0f09047b-e769-4a78-84dc-30f0623e202a" testListId="8c84fa94-04c1-424b-9868-57a2d4851a1d" />
    <TestEntry testId="aff14354-dcb9-05de-d04b-9fc8afc77cf3" executionId="c58a4408-9462-4a64-8784-9e7500c30255" testListId="8c84fa94-04c1-424b-9868-57a2d4851a1d" />
    <TestEntry testId="cb9b00e4-4dea-8fcc-479e-b0c40855c2c6" executionId="e6a51014-3891-4e41-8ec4-e36c0828333c" testListId="8c84fa94-04c1-424b-9868-57a2d4851a1d" />
    <TestEntry testId="d69ff632-4965-4a16-39e8-6abe6af8017a" executionId="b0b32741-fd1b-4df3-82b3-4225889c7b93" testListId="8c84fa94-04c1-424b-9868-57a2d4851a1d" />
    <TestEntry testId="d8485814-0ff6-eb3a-a7b8-0d5b7a3052b8" executionId="67e675a2-66ae-4042-8ef4-edfd19d7b3a2" testListId="8c84fa94-04c1-424b-9868-57a2d4851a1d" />
    <TestEntry testId="e7654f50-a340-c44c-0462-6ac81d657d72" executionId="1e2783ce-3c3c-4d9d-ab1a-ba5240696ec8" testListId="8c84fa94-04c1-424b-9868-57a2d4851a1d" />
    <TestEntry testId="ead62016-4658-fa23-310b-7d888d6ad318" executionId="aafc1383-d735-4bee-ba2c-ff76b8c49e71" testListId="8c84fa94-04c1-424b-9868-57a2d4851a1d" />
    <TestEntry testId="ebaa96b3-e2e8-23ad-8fdc-3ce70060d916" executionId="523d01b2-bab1-48b5-a6bf-0869025eb15a" testListId="8c84fa94-04c1-424b-9868-57a2d4851a1d" />
    <TestEntry testId="f7a4f6e4-c59f-b88d-3310-4dca0b83e38e" executionId="c52a0a32-f478-49b4-875e-816fa1b3eaa4" testListId="8c84fa94-04c1-424b-9868-57a2d4851a1d" />
  </TestEntries>
  <Results>
    <UnitTestResult executionId="5ade031e-e507-4ea3-9ced-5ab3cacd3b27" testId="1710224a-e060-e271-c3bd-05670cd644ed" testName="ChangePassword_Post_ReturnsRedirectOnSuccess" computerName="MATT-VAIO" duration="00:00:00.0246761" startTime="2012-02-15T14:35:52.5822284-05:00" endTime="2012-02-15T14:35:53.0282539-05:00" testType="13cdc9d9-ddb5-4fa4-a97d-d965ccfc6d4b" outcome="Passed" testListId="8c84fa94-04c1-424b-9868-57a2d4851a1d" relativeResultsDirectory="5ade031e-e507-4ea3-9ced-5ab3cacd3b27">
    </UnitTestResult>
    <UnitTestResult executionId="4a5640a3-a274-4a69-accd-5330bb0d7b15" testId="293df830-f478-7ce6-3e1e-9a13424d2e8e" testName="LogOn_Get_ReturnsView" computerName="MATT-VAIO" duration="00:00:00.0033206" startTime="2012-02-15T14:35:53.0332542-05:00" endTime="2012-02-15T14:35:53.0442549-05:00" testType="13cdc9d9-ddb5-4fa4-a97d-d965ccfc6d4b" outcome="Passed" testListId="8c84fa94-04c1-424b-9868-57a2d4851a1d" relativeResultsDirectory="4a5640a3-a274-4a69-accd-5330bb0d7b15">
    </UnitTestResult>
    <UnitTestResult executionId="824f7c0e-2de4-45df-94ac-b6604be875d7" testId="3fa2a8c3-5491-9982-3379-8b2e60a45de9" testName="LogOn_Post_ReturnsRedirectOnSuccess_WithReturnUrl" computerName="MATT-VAIO" duration="00:00:00.0029830" startTime="2012-02-15T14:35:53.0462550-05:00" endTime="2012-02-15T14:35:53.0572556-05:00" testType="13cdc9d9-ddb5-4fa4-a97d-d965ccfc6d4b" outcome="Passed" testListId="8c84fa94-04c1-424b-9868-57a2d4851a1d" relativeResultsDirectory="824f7c0e-2de4-45df-94ac-b6604be875d7">
    </UnitTestResult>
    <UnitTestResult executionId="f719f021-e323-4195-93b6-d4011ad36650" testId="4ad61c0c-b2ab-abd8-e132-a3768e04917d" testName="Register_Post_ReturnsViewIfRegistrationFails" computerName="MATT-VAIO" duration="00:00:00.0060639" startTime="2012-02-15T14:35:53.0602558-05:00" endTime="2012-02-15T14:35:53.0752566-05:00" testType="13cdc9d9-ddb5-4fa4-a97d-d965ccfc6d4b" outcome="Passed" testListId="8c84fa94-04c1-424b-9868-57a2d4851a1d" relativeResultsDirectory="f719f021-e323-4195-93b6-d4011ad36650">
    </UnitTestResult>
    <UnitTestResult executionId="5e53a1eb-0c49-401e-8fc3-6cdffa8326e7" testId="54237a11-5f26-544e-2fba-6461295bae8c" testName="LogOff_LogsOutAndRedirects" computerName="MATT-VAIO" duration="00:00:00.0006589" startTime="2012-02-15T14:35:53.0772568-05:00" endTime="2012-02-15T14:35:53.0872573-05:00" testType="13cdc9d9-ddb5-4fa4-a97d-d965ccfc6d4b" outcome="Passed" testListId="8c84fa94-04c1-424b-9868-57a2d4851a1d" relativeResultsDirectory="5e53a1eb-0c49-401e-8fc3-6cdffa8326e7">
    </UnitTestResult>
    <UnitTestResult executionId="8462e37f-aab6-45a6-95f8-d8713bfe5077" testId="550b9b41-f3e9-aeab-2e96-eeaa01081536" testName="ChangePassword_Get_ReturnsView" computerName="MATT-VAIO" duration="00:00:00.0005630" startTime="2012-02-15T14:35:53.0902575-05:00" endTime="2012-02-15T14:35:53.0982580-05:00" testType="13cdc9d9-ddb5-4fa4-a97d-d965ccfc6d4b" outcome="Passed" testListId="8c84fa94-04c1-424b-9868-57a2d4851a1d" relativeResultsDirectory="8462e37f-aab6-45a6-95f8-d8713bfe5077">
    </UnitTestResult>
    <UnitTestResult executionId="1a4bc740-ca5b-4402-8555-a5f1c59a27ef" testId="5c83de2f-9c62-289b-f18e-54812365a857" testName="ChangePassword_Post_ReturnsViewIfChangePasswordFails" computerName="MATT-VAIO" duration="00:00:00.0005933" startTime="2012-02-15T14:35:53.1012581-05:00" endTime="2012-02-15T14:35:53.1102586-05:00" testType="13cdc9d9-ddb5-4fa4-a97d-d965ccfc6d4b" outcome="Passed" testListId="8c84fa94-04c1-424b-9868-57a2d4851a1d" relativeResultsDirectory="1a4bc740-ca5b-4402-8555-a5f1c59a27ef">
    </UnitTestResult>
    <UnitTestResult executionId="0379f6c2-9260-4d57-aabf-175f27140fe5" testId="5fb64f25-1491-d65a-42c2-401cae78567a" testName="Register_Post_ReturnsRedirectOnSuccess" computerName="MATT-VAIO" duration="00:00:00.0005038" startTime="2012-02-15T14:35:53.1142589-05:00" endTime="2012-02-15T14:35:53.1222593-05:00" testType="13cdc9d9-ddb5-4fa4-a97d-d965ccfc6d4b" outcome="Passed" testListId="8c84fa94-04c1-424b-9868-57a2d4851a1d" relativeResultsDirectory="0379f6c2-9260-4d57-aabf-175f27140fe5">
    </UnitTestResult>
    <UnitTestResult executionId="0f09047b-e769-4a78-84dc-30f0623e202a" testId="6938a69b-2d77-e799-1cf4-6bf6c9a09f5c" testName="LogOn_Post_ReturnsViewIfModelStateIsInvalid" computerName="MATT-VAIO" duration="00:00:00.0007117" startTime="2012-02-15T14:35:53.1242594-05:00" endTime="2012-02-15T14:35:53.1332600-05:00" testType="13cdc9d9-ddb5-4fa4-a97d-d965ccfc6d4b" outcome="Passed" testListId="8c84fa94-04c1-424b-9868-57a2d4851a1d" relativeResultsDirectory="0f09047b-e769-4a78-84dc-30f0623e202a">
    </UnitTestResult>
    <UnitTestResult executionId="c58a4408-9462-4a64-8784-9e7500c30255" testId="aff14354-dcb9-05de-d04b-9fc8afc77cf3" testName="LogOn_Post_ReturnsRedirectOnSuccess_WithoutReturnUrl" computerName="MATT-VAIO" duration="00:00:00.0005067" startTime="2012-02-15T14:35:53.1362601-05:00" endTime="2012-02-15T14:35:53.1442606-05:00" testType="13cdc9d9-ddb5-4fa4-a97d-d965ccfc6d4b" outcome="Passed" testListId="8c84fa94-04c1-424b-9868-57a2d4851a1d" relativeResultsDirectory="c58a4408-9462-4a64-8784-9e7500c30255">
    </UnitTestResult>
    <UnitTestResult executionId="e6a51014-3891-4e41-8ec4-e36c0828333c" testId="cb9b00e4-4dea-8fcc-479e-b0c40855c2c6" testName="Register_Post_ReturnsViewIfModelStateIsInvalid" computerName="MATT-VAIO" duration="00:00:00.0005474" startTime="2012-02-15T14:35:53.1472608-05:00" endTime="2012-02-15T14:35:53.1552612-05:00" testType="13cdc9d9-ddb5-4fa4-a97d-d965ccfc6d4b" outcome="Passed" testListId="8c84fa94-04c1-424b-9868-57a2d4851a1d" relativeResultsDirectory="e6a51014-3891-4e41-8ec4-e36c0828333c">
    </UnitTestResult>
    <UnitTestResult executionId="b0b32741-fd1b-4df3-82b3-4225889c7b93" testId="d69ff632-4965-4a16-39e8-6abe6af8017a" testName="Register_Get_ReturnsView" computerName="MATT-VAIO" duration="00:00:00.0005596" startTime="2012-02-15T14:35:53.1592614-05:00" endTime="2012-02-15T14:35:53.1672619-05:00" testType="13cdc9d9-ddb5-4fa4-a97d-d965ccfc6d4b" outcome="Passed" testListId="8c84fa94-04c1-424b-9868-57a2d4851a1d" relativeResultsDirectory="b0b32741-fd1b-4df3-82b3-4225889c7b93">
    </UnitTestResult>
    <UnitTestResult executionId="67e675a2-66ae-4042-8ef4-edfd19d7b3a2" testId="d8485814-0ff6-eb3a-a7b8-0d5b7a3052b8" testName="About" computerName="MATT-VAIO" duration="00:00:00.0006848" startTime="2012-02-15T14:35:53.1702621-05:00" endTime="2012-02-15T14:35:53.1802626-05:00" testType="13cdc9d9-ddb5-4fa4-a97d-d965ccfc6d4b" outcome="Passed" testListId="8c84fa94-04c1-424b-9868-57a2d4851a1d" relativeResultsDirectory="67e675a2-66ae-4042-8ef4-edfd19d7b3a2">
    </UnitTestResult>
    <UnitTestResult executionId="1e2783ce-3c3c-4d9d-ab1a-ba5240696ec8" testId="e7654f50-a340-c44c-0462-6ac81d657d72" testName="ChangePasswordSuccess_ReturnsView" computerName="MATT-VAIO" duration="00:00:00.0003732" startTime="2012-02-15T14:35:53.1832628-05:00" endTime="2012-02-15T14:35:53.1922633-05:00" testType="13cdc9d9-ddb5-4fa4-a97d-d965ccfc6d4b" outcome="Passed" testListId="8c84fa94-04c1-424b-9868-57a2d4851a1d" relativeResultsDirectory="1e2783ce-3c3c-4d9d-ab1a-ba5240696ec8">
    </UnitTestResult>
    <UnitTestResult executionId="aafc1383-d735-4bee-ba2c-ff76b8c49e71" testId="ead62016-4658-fa23-310b-7d888d6ad318" testName="ChangePassword_Post_ReturnsViewIfModelStateIsInvalid" computerName="MATT-VAIO" duration="00:00:00.0007553" startTime="2012-02-15T14:35:53.1982637-05:00" endTime="2012-02-15T14:35:53.2152646-05:00" testType="13cdc9d9-ddb5-4fa4-a97d-d965ccfc6d4b" outcome="Passed" testListId="8c84fa94-04c1-424b-9868-57a2d4851a1d" relativeResultsDirectory="aafc1383-d735-4bee-ba2c-ff76b8c49e71">
    </UnitTestResult>
    <UnitTestResult executionId="523d01b2-bab1-48b5-a6bf-0869025eb15a" testId="ebaa96b3-e2e8-23ad-8fdc-3ce70060d916" testName="LogOn_Post_ReturnsViewIfValidateUserFails" computerName="MATT-VAIO" duration="00:00:00.0008859" startTime="2012-02-15T14:35:53.2222650-05:00" endTime="2012-02-15T14:35:53.2362658-05:00" testType="13cdc9d9-ddb5-4fa4-a97d-d965ccfc6d4b" outcome="Passed" testListId="8c84fa94-04c1-424b-9868-57a2d4851a1d" relativeResultsDirectory="523d01b2-bab1-48b5-a6bf-0869025eb15a">
    </UnitTestResult>
    <UnitTestResult executionId="c52a0a32-f478-49b4-875e-816fa1b3eaa4" testId="f7a4f6e4-c59f-b88d-3310-4dca0b83e38e" testName="Index" computerName="MATT-VAIO" duration="00:00:00.0004192" startTime="2012-02-15T14:35:53.2402661-05:00" endTime="2012-02-15T14:35:53.2532668-05:00" testType="13cdc9d9-ddb5-4fa4-a97d-d965ccfc6d4b" outcome="Passed" testListId="8c84fa94-04c1-424b-9868-57a2d4851a1d" relativeResultsDirectory="c52a0a32-f478-49b4-875e-816fa1b3eaa4">
    </UnitTestResult>
  </Results>
</TestRun>